Γû▓ Next.js 16.1.6 (Turbopack)
- Environments: .env.local

node.exe : ΓÜá The 
"middleware" file 
convention is 
deprecated. Please use 
"proxy" instead. Learn 
more: https://nextjs.or
g/docs/messages/middlew
are-to-proxy
At line:1 char:1
+ & "C:\Program 
Files\nodejs/node.exe" 
"C:\Program 
Files\nodejs/node_mo 
...
+ ~~~~~~~~~~~~~~~~~~~~~
~~~~~~~~~~~~~~~~~~~~~~~
~~~~~~~~~~~~~~~~~~~~~~~
~~
    + CategoryInfo     
         : 
NotSpecified:     (ΓÜá 
The "middle...l    
eware-to-proxy:Strin   
 g) [], RemoteExcepti  
  on
    + 
FullyQualifiedErro    
rId : NativeCommandE   
 rror
 
  Creating an optimized production build ...
Γ£ô Compiled successfully in 9.2s
  Running TypeScript ...
  Collecting page data using 3 workers ...
  Generating static pages using 3 workers (0/29) ...
  Generating static pages using 3 workers (7/29) 
  Generating static pages using 3 workers (14/29) 
  Generating static pages using 3 workers (21/29) 
Γ£ô Generating static pages using 3 workers (29/29) in 785.0ms
  Finalizing page optimization ...

Route (app)
Γöî Γùï /
Γö£ Γùï /_not-found
Γö£ Γùï /admin
Γö£ ╞Æ /api/admin/users
Γö£ ╞Æ /api/admin/users/[id]
Γö£ ╞Æ /api/companies
Γö£ ╞Æ /api/dispatches
Γö£ ╞Æ /api/dispatches/[id]
Γö£ ╞Æ /api/dispatches/[id]/pdf
Γö£ ╞Æ /api/dispatches/check-conflicts
Γö£ ╞Æ /api/ensure-profile
Γö£ ╞Æ /api/instruments
Γö£ ╞Æ /api/machine-instruments
Γö£ ╞Æ /api/machines
Γö£ ╞Æ /api/me
Γö£ ╞Æ /api/public/dispatches
Γö£ ╞Æ /api/public/workload
Γö£ ╞Æ /api/signup
Γö£ ╞Æ /api/staff-events
Γö£ ╞Æ /api/staff/engineers
Γö£ ╞Æ /api/staff/technicians
Γö£ Γùï /calendar
Γö£ Γùï /calendar-view
Γö£ Γùï /dashboard
Γö£ Γùï /dispatch
Γö£ Γùï /dispatch/new
Γö£ Γùï /dispatches
Γö£ ╞Æ /dispatches/[id]
Γö£ ╞Æ /dispatches/[id]/edit
Γö£ Γùï /login
Γö£ Γùï /signup
Γöö Γùï /workload-view


╞Æ Proxy (Middleware)

Γùï  (Static)   prerendered as static content
╞Æ  (Dynamic)  server-rendered on demand

